../Core/Src/wigy.c:25:6:Initialize_wigy	16	static
../Core/Src/wigy.c:39:6:is_pushed_L_sw	16	static
../Core/Src/wigy.c:46:6:is_pushed_System_sw	16	static
../Core/Src/wigy.c:53:6:lights_up_one	16	static
../Core/Src/wigy.c:78:6:led_blink	24	static
../Core/Src/wigy.c:83:6:process	16	static
../Core/Src/wigy.c:88:13:change_system_mode	16	static
../Core/Src/wigy.c:118:13:change_led_mode	16	static
../Core/Src/wigy.c:153:13:led_off_all	8	static
../Core/Src/wigy.c:158:13:Ctrl_IR_Led	16	static
../Core/Src/wigy.c:162:13:Ctrl_UVA_Led	16	static
../Core/Src/wigy.c:166:13:Ctrl_UVC_Led	16	static
../Core/Src/wigy.c:170:13:Ctrl_EXTFAN	16	static
