../Core/Src/wigy.c:26:6:Initialize_wigy	16	static
../Core/Src/wigy.c:39:6:is_pushed_L_sw	16	static
../Core/Src/wigy.c:46:6:is_pushed_System_sw	16	static
../Core/Src/wigy.c:53:13:read_state	16	static
../Core/Src/wigy.c:61:6:Ctrl_led	16	static
../Core/Src/wigy.c:86:6:process	16	static
../Core/Src/wigy.c:93:13:change_system_mode	16	static
../Core/Src/wigy.c:123:13:change_led_mode	16	static
../Core/Src/wigy.c:164:13:led_off_all	8	static
../Core/Src/wigy.c:168:13:Ctrl_IR_Led	16	static
../Core/Src/wigy.c:172:13:Ctrl_UVA_Led	16	static
../Core/Src/wigy.c:176:13:Ctrl_UVC_Led	16	static
../Core/Src/wigy.c:180:13:Ctrl_EXTFAN	16	static
../Core/Src/wigy.c:184:13:process_led_blink	16	static
